&
a
a
a
a
a
about
above
ad
adjust
after
all
all
always
am
am
ample
an
an
and
and
and
and
any
appliance
are
are
area
as
as
as
as
ask
at
at
at
at
away
banana
be
be
behind
beneath
between
bountiful
bush
business
busy
but
but
but
button
by
by
can
care
channel
cheek
close
come
could
cream
cucumber
d
deep
did
do
do
don't
downtown
drill
drive
e
eat
ed
ed
end
enough
entry
equipment
er
es
est
explore
extra
feel
fiddle
firm
flesh
for
for
fresh
from
from
fruit
ful
full
garden
giant
give
go
good
grapefruit
grow
hand
ha
ppy
has
have
have
he
he
he
head
her
her
here
him
his
hole
honey
hot
how
I
I
I
I
I’d
if
in
in
ing
ing
ing
ing
ing
ing
insert
inspect
install
instrument
intoxicate
introduce
investigate
is
is
is
is
is
it
it
it
jelly
johnson
jug
juice
jumbo
just
know
lay
let
light
like
like
little
longfellow
loud
love
ly
ly
make
man
may
me
me
melon
member
milk
miss
mister
moist
moon
most
muffin
must
my
my
my
navigate
near
next
nice
night
no
not
nut
of
of
of
of
of
off
on
on
one
or
our
out
over
package
pickle
pie
plant
please
pocket
point
poke
pole
power
private
produce
protrude
pudding
pussy
put
r
r
r
rear
revitalize
rise
s
s
s
s
s
s
s
s
s
s
s
s
sack
sauce
sausage
screw
see
see
seed
sex
she
she
sit
slot
smile
smooth
snake
so
soft
some
stand
stiff
sturdy
such
suit
sun
sweet
taco
take
tender
that
the
the
the
the
the
the
the
their
them
then
there
these
they
thing
think
those
though
through
time
to
to
to
too
tool
touch
trim
trouser
tuna
tunnel
two
under
up
us
use
vegetable
want
warm
was
watch
we
we
were
wet
what
when
who
whole
why
wiggle
will
with
with
woman
wood
would
y
y
y
y
yet
you
you
your
your
Magnetic Poetry® Sexual Innuendo Kit
