a
a
a
about
above
after
against
almost
always
am
amuse
an
and
and
another
answer
are
as
at
at
author
be
beautiful
begin
beneath
between
book
but
but
by
can
chair
chapter
character
come
could
cover
crack
create
curl
d
day
description
desire
did
difficult
discover
do
dog
door
drama
dream
e
each
ear
ed
empty
enter
epic
er
es
escape
est
every
explore
favorite
fiction
fight
find
first
for
from
full
give
good
happy
has
have
he
heart
her
here
hero
him
his
how
human
I
I
if
imagine
in
ing
ing
inspire
is
is
it
know
language
laugh
library
life
like
like
live
long
love
ly
magic
make
man
me
monster
more
my
mystery
never
new
no
non
novel
of
off
old
on
only
open
our
out
over
page
paragraph
people
plot
poetry
question
r
romance
s
s
sad
say
science
search
see
sentence
she
sh
ort
show
skim
so
some
soon
soul
speak
spine
step
story
strange
take
teach
tell
than
that
the
the
then
there
these
they
this
though
through
time
to
to
too
travel
truth
turn
under
up
use
villain
vivid
voice
volume
wander
was
we
were
when
which
whisper
why
will
wisdom
with
woman
word
world
would
write
y
you
you
Magnetic Poetry® Book Lover Kit
