&
a
a
about
always
am
an
and
apple
are
arm
around
arrow
as
at
be
bear
beautiful
between
bleed
blood
bone
brother
but
by
cackle
can
capture
cast
child
children
come
consume
cook
corrupt
craft
curse
d
dark
desire
destroy
did
do
dog
dream
drink
dungeon
e
eat
ed
er
es
escape
every
evil
fair
fairy
fall
father
fear
fight
fill
finger
fly
for
frog
from
give
god
good
grim
hair
has
have
he
hear
heart
her
here
hex
hide
him
his
hood
horrible
house
how
hunt
hunter
I
I
if
in
in
ing
ing
innocent
into
is
is
it
kill
king
kingdom
kiss
knife
know
like
like
little
live
lost
ly
ly
maid
make
me
mirror
monster
more
mother
must
my
my
no
of
of
old
on
only
or
our
out
passion
poison
potion
power
prey
prick
prince
princess
prison
punish
queen
r
red
rich
riding
rose
run
s
s
safe
sausage
scare
scullery
see
sex
shaft
sharp
she
shoot
sister
sleep
snow
so
some
spell
strong
take
teeth
terror
than
that
the
the
then
there
they
this
though
through
to
too
treachery
trick
try
turn
up
us
use
violent
want
was
we
were
which
white
who
why
will
witch
with
wolf
wood
would
y
you
Magnetic Poetry® Brothers Grimm Kit
