&
a
a
again
always
am
an
and
are
as
ass
at
be
beauty
behind
between
big
blow
boy
breast
burn
bush
but
butt
by
can
candy
caress
cheek
clit
cock
come
convulse
cream
d
delicious
desire
did
dirty
do
drip
e
ecstasy
ed
embrace
enormous
er
es
every
explode
fierce
fill
finger
fondle
for
from
full
fun
gentle
girl
give
glisten
grind
hair
hand
hard
has
have
he
head
her
her
here
him
his
hole
hot
how
I
I
if
in
in
ing
ing
inside
is
is
it
kiss
know
languid
leg
lick
like
like
lip
live
love
luscious
ly
ly
make
make
man
me
moan
more
murmur
must
my
my
naked
nasty
need
nipple
no
no
of
of
on
only
or
orgasm
our
out
pant
passion
penetrate
pink
please
pleasure
pole
push
pussy
put
r
relax
rub
s
s
satisfy
scream
see
sex
shaft
she
shudder
skin
slide
so
soft
some
spread
spurt
stroke
suck
sweat
sweet
swollen
take
talk
than
that
the
the
then
there
they
thigh
this
though
throb
through
tight
to
together
tongue
too
tremble
tremendous
try
until
up
us
use
velvet
want
warm
was
wave
we
were
wet
which
who
why
wild
will
with
woman
worship
would
y
you
your
your
yourself
Magnetic Poetry® Erotic Kit
