a
a
a
about
above
after
alive
almost
always
am
an
an
and
and
and
anything
are
as
as
at
at
barefoot
be
before
believe
beneath
better
between
bliss
bloom
blue sky
bluebird
breath
bring
but
by
can
child
come
comfort
could
d
dance
dare
day
did
do
dream
each
ecstatic
ed
enjoy
er
es
essential
est
every
feel
fill
find
flower
follow
for
friend
from
full
fun
giggle
give
good
grass
hand
happen
happiness
happiness
happy
has
have
he
heart
her
here
him
his
hope
how
I
I
if
in
ing
ing
ing
is
is
it
joy
jump
kiss
know
last
laugh
laughter
let
life
light
like
like
little
live
love
ly
make
man
martini
me
moment
more
my
my
my
no
of
of
on
only
or
our
out
peace
peach
positive
possibility
puppy
r
rain
rainbow
roll
run
s
s
said
say
see
share
she
shine
simple
sing
smile
so
some
song
soon
soul
spring
star
sun
sunshine
surprise
taste
than
that
the
the
then
there
they
thing
this
thought
through
tickle
time
tiny
to
to
today
today
together
too
true
trust
up
use
vibration
warm
warmth
was
we
we
were
when
where
which
whisper
who
will
wine
wis
h
with
woman
wonder
world
would
y
you
you
Magnetic Poetry® Happiness Kit
