a
a
a
about
above
accept
after
almost
always
am
an
and
and
are
as
as
at
bad
balance
be
bear
begin
being
believe
beneath
better
between
bless
body
breath
but
but
by
can
care
challenge
change
choice
close
come
comfort
compassion
could
courage
create
d
day
deep
did
do
doctor
dream
e
ed
encourage
endure
energy
er
es
est
faith
feel
flow
for
fragile
free
friend
from
full
gentle
gift
give
good
grace
gratitude
grow
happy
has
have
he
heal
health
heart
her
here
him
his
hope
how
I
I
if
ill
in
in
ing
ing
inner
inspire
is
is
it
journey
joy
kind
know
laugh
let
life
light
like
like
listen
live
love
ly
make
me
medicine
meditate
mend
mind
more
my
new
night
no
nourish
of
of
off
on
only
or
our
out
path
peace
play
positive
possible
pray
present
pure
r
recover
relief
remedy
remember
rest
s
s
said
say
see
self
serenity
she
so
some
soothe
soul
spirit
still
strong
sustain
than
that
the
the
then
there
they
this
though
through
time
to
to
too
touch
transform
treatment
trust
truth
understand
up
use
voice
warm
was
water
we
weary
well
were
when
which
who
whole
will
wisdom
wish
with
would
y
you
you
Magnetic Poetry® Healing Words Kit
