a
a
a
about
above
after
air
almost
am
an
an
ancient
and
and
animal
are
as
ask
at
be
beautiful
bee
behold
beneath
berry
between
bird
blanket
bloom
blossom
blue
breath
bright
bucolic
bug
but
but
by
can
climb
cloud
cold
come
could
cycle
d
dark
dawn
deep
did
d
o
do
dusk
e
earth
ed
eden
er
est
every
fall
feel
fertile
flower
follow
for
forest
from
frost
fruit
garden
gentle
grass
green
grow
harmony
has
have
he
her
here
him
his
hot
how
I
I
if
in
in
ing
ing
is
is
it
know
lake
leave
lichen
life
light
like
listen
live
lonely
long
love
ly
make
me
moist
moon
moss
mountain
murmur
my
my
nature
never
night
no
noble
of
on
only
or
our
out
over
path
peace
poet
prairie
pure
quiet
r
rain
river
rock
root
rustle
s
s
sacred
sanctuary
season
secret
see
seed
shade
she
shine
sky
soft
some
song
soon
soul
spring
squirrel
stone
sublime
summer
sun
sweet
tendril
than
that
the
the
then
there
they
thick
thing
this
though
thrive
through
to
to
too
tree
up
use
verdant
vine
walk
wander
warm
was
water
we
were
wet
which
who
wild
will
wind
winter
with
wither
world
would
y
you
you
Magnetic Poetry® Nature Poet
