a
a
a
able
about
alive
all
alone
always
am
an
and
and
aphrodisiac
are
as
ask
at
baby
battle
be
beast
beautiful
but
by
can
capture
carry
cast
catch
caught
charm
chaste
color
come
cottage
could
creature
d
danger
deep
do
dragon
e
each
ed
ed
er
escape
est
every
fabulous
fair
fear
ferocious
fierce
fly
for
forest
forever
free
from
full
garden
get
gold
good
has
haunch
have
he
head
her
him
his
honest
hoof
horn
how
I
I
if
in
ing
ing
invisible
is
is
it
jump
kingdom
land
lap
laugh
lay
leap
legend
lie
like
like
live
love
low
ly
magic
maiden
make
man
mane
me
meat
medieval
moon
more
mount
must
my
mysterious
myth
mythical
need
ness
never
noble
not
nuzzle
of
of
off
on
or
our
out
pet
play
playful
poison
poop
prance
pursue
put
quest
r
rainbow
rich
ride
right
run
s
s
save
self
less
she
side
so
solitary
some
sparkle
spell
star
steed
strength
strong
tail
talk
tame
than
that
the
the
then
there
they
this
this
though
through
to
to
too
true
turn
un
unicorn
unicorn
up
virgin
virtue
want
was
we
were
which
while
white
wild
will
wing
wish
with
with
woman
wonder
wood
would
y
you
you
your
Magnetic Poetry® Unicorn Kit
